No optimization is possible on this HTML code snippet as it is a plain Jest snapshot and doesn't contain any redundant or inefficient code.
